// Bun Snapshot v1, https://goo.gl/fbAQLP

exports[`Chained getConfigurationEntries flattens into dictionary (removePath: %s) 1`] = `
{
  "Mem1": "Value1",
  "Mem1:": "NoKeyValue1",
  "Mem1:KeyInMem1": "ValueInMem1",
  "Mem1:KeyInMem1:Deep1": "ValueDeep1",
  "Mem2": "Value2",
  "Mem2:": "NoKeyValue2",
  "Mem2:KeyInMem2": "ValueInMem2",
  "Mem2:KeyInMem2:Deep2": "ValueDeep2",
  "Mem3": "Value3",
  "Mem3:": "NoKeyValue3",
  "Mem3:KeyInMem3": "ValueInMem3",
  "Mem3:KeyInMem3:Deep3": "ValueDeep3",
}
`;

exports[`Chained getConfigurationEntries flattens into dictionary (removePath: %s) 2`] = `
{
  "Mem1": "Value1",
  "Mem1:": "NoKeyValue1",
  "Mem1:KeyInMem1": "ValueInMem1",
  "Mem1:KeyInMem1:Deep1": "ValueDeep1",
  "Mem2": "Value2",
  "Mem2:": "NoKeyValue2",
  "Mem2:KeyInMem2": "ValueInMem2",
  "Mem2:KeyInMem2:Deep2": "ValueDeep2",
  "Mem3": "Value3",
  "Mem3:": "NoKeyValue3",
  "Mem3:KeyInMem3": "ValueInMem3",
  "Mem3:KeyInMem3:Deep3": "ValueDeep3",
}
`;

exports[`Get configuration nested object 1`] = `
{
  "0": "NoKeyValue1",
  "Deep1": "ValueDeep1",
  "KeyInMem1": "ValueInMem1",
  "Mem1": "Value1",
}
`;
