// Bun Snapshot v1, https://goo.gl/fbAQLP

exports[`Flattens empty nested keys. 1`] = `
Map {
  ".." => 1,
}
`;
